Archive member included to satisfy reference by file (symbol)

e:/embedded/imt_arm_course/02-tools/03-imt sdk/imt_sdk_win_64/winarm/armgcc/bin/../lib/gcc/arm-none-eabi/7.2.1/../../../../arm-none-eabi/lib/thumb/v7-m\libg_nano.a(lib_a-errno.o)
                              ./system/src/newlib/_sbrk.o (__errno)
e:/embedded/imt_arm_course/02-tools/03-imt sdk/imt_sdk_win_64/winarm/armgcc/bin/../lib/gcc/arm-none-eabi/7.2.1/../../../../arm-none-eabi/lib/thumb/v7-m\libg_nano.a(lib_a-impure.o)
                              e:/embedded/imt_arm_course/02-tools/03-imt sdk/imt_sdk_win_64/winarm/armgcc/bin/../lib/gcc/arm-none-eabi/7.2.1/../../../../arm-none-eabi/lib/thumb/v7-m\libg_nano.a(lib_a-errno.o) (_impure_ptr)
e:/embedded/imt_arm_course/02-tools/03-imt sdk/imt_sdk_win_64/winarm/armgcc/bin/../lib/gcc/arm-none-eabi/7.2.1/../../../../arm-none-eabi/lib/thumb/v7-m\libg_nano.a(lib_a-strlen.o)
                              ./system/src/diag/Trace.o (strlen)
e:/embedded/imt_arm_course/02-tools/03-imt sdk/imt_sdk_win_64/winarm/armgcc/bin/../lib/gcc/arm-none-eabi/7.2.1/../../../../arm-none-eabi/lib/thumb/v7-m\libg_nano.a(lib_a-vsnprintf.o)
                              ./system/src/diag/Trace.o (vsnprintf)
e:/embedded/imt_arm_course/02-tools/03-imt sdk/imt_sdk_win_64/winarm/armgcc/bin/../lib/gcc/arm-none-eabi/7.2.1/../../../../arm-none-eabi/lib/thumb/v7-m\libg_nano.a(lib_a-nano-svfprintf.o)
                              e:/embedded/imt_arm_course/02-tools/03-imt sdk/imt_sdk_win_64/winarm/armgcc/bin/../lib/gcc/arm-none-eabi/7.2.1/../../../../arm-none-eabi/lib/thumb/v7-m\libg_nano.a(lib_a-vsnprintf.o) (_svfprintf_r)
e:/embedded/imt_arm_course/02-tools/03-imt sdk/imt_sdk_win_64/winarm/armgcc/bin/../lib/gcc/arm-none-eabi/7.2.1/../../../../arm-none-eabi/lib/thumb/v7-m\libg_nano.a(lib_a-nano-vfprintf_i.o)
                              e:/embedded/imt_arm_course/02-tools/03-imt sdk/imt_sdk_win_64/winarm/armgcc/bin/../lib/gcc/arm-none-eabi/7.2.1/../../../../arm-none-eabi/lib/thumb/v7-m\libg_nano.a(lib_a-nano-svfprintf.o) (_printf_i)
e:/embedded/imt_arm_course/02-tools/03-imt sdk/imt_sdk_win_64/winarm/armgcc/bin/../lib/gcc/arm-none-eabi/7.2.1/../../../../arm-none-eabi/lib/thumb/v7-m\libg_nano.a(lib_a-memchr-stub.o)
                              e:/embedded/imt_arm_course/02-tools/03-imt sdk/imt_sdk_win_64/winarm/armgcc/bin/../lib/gcc/arm-none-eabi/7.2.1/../../../../arm-none-eabi/lib/thumb/v7-m\libg_nano.a(lib_a-nano-svfprintf.o) (memchr)
e:/embedded/imt_arm_course/02-tools/03-imt sdk/imt_sdk_win_64/winarm/armgcc/bin/../lib/gcc/arm-none-eabi/7.2.1/../../../../arm-none-eabi/lib/thumb/v7-m\libg_nano.a(lib_a-memcpy-stub.o)
                              e:/embedded/imt_arm_course/02-tools/03-imt sdk/imt_sdk_win_64/winarm/armgcc/bin/../lib/gcc/arm-none-eabi/7.2.1/../../../../arm-none-eabi/lib/thumb/v7-m\libg_nano.a(lib_a-nano-svfprintf.o) (memcpy)
e:/embedded/imt_arm_course/02-tools/03-imt sdk/imt_sdk_win_64/winarm/armgcc/bin/../lib/gcc/arm-none-eabi/7.2.1/../../../../arm-none-eabi/lib/thumb/v7-m\libg_nano.a(lib_a-memmove.o)
                              e:/embedded/imt_arm_course/02-tools/03-imt sdk/imt_sdk_win_64/winarm/armgcc/bin/../lib/gcc/arm-none-eabi/7.2.1/../../../../arm-none-eabi/lib/thumb/v7-m\libg_nano.a(lib_a-nano-svfprintf.o) (memmove)
e:/embedded/imt_arm_course/02-tools/03-imt sdk/imt_sdk_win_64/winarm/armgcc/bin/../lib/gcc/arm-none-eabi/7.2.1/../../../../arm-none-eabi/lib/thumb/v7-m\libg_nano.a(lib_a-nano-freer.o)
                              e:/embedded/imt_arm_course/02-tools/03-imt sdk/imt_sdk_win_64/winarm/armgcc/bin/../lib/gcc/arm-none-eabi/7.2.1/../../../../arm-none-eabi/lib/thumb/v7-m\libg_nano.a(lib_a-nano-svfprintf.o) (_free_r)
e:/embedded/imt_arm_course/02-tools/03-imt sdk/imt_sdk_win_64/winarm/armgcc/bin/../lib/gcc/arm-none-eabi/7.2.1/../../../../arm-none-eabi/lib/thumb/v7-m\libg_nano.a(lib_a-nano-mallocr.o)
                              e:/embedded/imt_arm_course/02-tools/03-imt sdk/imt_sdk_win_64/winarm/armgcc/bin/../lib/gcc/arm-none-eabi/7.2.1/../../../../arm-none-eabi/lib/thumb/v7-m\libg_nano.a(lib_a-nano-svfprintf.o) (_malloc_r)
e:/embedded/imt_arm_course/02-tools/03-imt sdk/imt_sdk_win_64/winarm/armgcc/bin/../lib/gcc/arm-none-eabi/7.2.1/../../../../arm-none-eabi/lib/thumb/v7-m\libg_nano.a(lib_a-nano-reallocr.o)
                              e:/embedded/imt_arm_course/02-tools/03-imt sdk/imt_sdk_win_64/winarm/armgcc/bin/../lib/gcc/arm-none-eabi/7.2.1/../../../../arm-none-eabi/lib/thumb/v7-m\libg_nano.a(lib_a-nano-svfprintf.o) (_realloc_r)
e:/embedded/imt_arm_course/02-tools/03-imt sdk/imt_sdk_win_64/winarm/armgcc/bin/../lib/gcc/arm-none-eabi/7.2.1/../../../../arm-none-eabi/lib/thumb/v7-m\libg_nano.a(lib_a-sbrkr.o)
                              e:/embedded/imt_arm_course/02-tools/03-imt sdk/imt_sdk_win_64/winarm/armgcc/bin/../lib/gcc/arm-none-eabi/7.2.1/../../../../arm-none-eabi/lib/thumb/v7-m\libg_nano.a(lib_a-nano-mallocr.o) (_sbrk_r)
[...]
Memory Configuration

Name             Origin             Length             Attributes
RAM              0x20000000         0x00005000         xrw
CCMRAM           0x00000000         0x00000000         xrw
FLASH            0x08000000         0x00002000         xr
FLASHB1          0x00000000         0x00000000         xr
EXTMEMB0         0x00000000         0x00000000         xr
EXTMEMB1         0x00000000         0x00000000         xr
EXTMEMB2         0x00000000         0x00000000         xr
EXTMEMB3         0x00000000         0x00000000         xr
MEMORY_ARRAY     0x00000000         0x00000000         xrw
*default*        0x00000000         0xffffffff

Linker script and memory map

LOAD ./system/src/stm32f1-stdperiph/misc.o
LOAD ./system/src/stm32f1-stdperiph/stm32f10x_gpio.o
LOAD ./system/src/stm32f1-stdperiph/stm32f10x_rcc.o
LOAD ./system/src/newlib/_cxx.o
LOAD ./system/src/newlib/_exit.o
LOAD ./system/src/newlib/_sbrk.o
LOAD ./system/src/newlib/_startup.o
LOAD ./system/src/newlib/_syscalls.o
LOAD ./system/src/newlib/assert.o
LOAD ./system/src/diag/Trace.o
LOAD ./system/src/diag/trace_impl.o
LOAD ./system/src/cortexm/_initialize_hardware.o
LOAD ./system/src/cortexm/_reset_hardware.o
LOAD ./system/src/cortexm/exception_handlers.o
LOAD ./system/src/cmsis/system_stm32f10x.o
LOAD ./system/src/cmsis/vectors_stm32f10x.o
LOAD ./src/FPEC_program.o
LOAD ./src/GPIO_program.o
LOAD ./src/NVIC_program.o
LOAD ./src/OTA_program.o
LOAD ./src/RCC_program.o
LOAD ./src/STK_program.o
LOAD ./src/USART_program.o
LOAD ./src/main.o
LOAD e:/embedded/imt_arm_course/02-tools/03-imt sdk/imt_sdk_win_64/winarm/armgcc/bin/../lib/gcc/arm-none-eabi/7.2.1/../../../../arm-none-eabi/lib/thumb/v7-m\libstdc++_nano.a
LOAD e:/embedded/imt_arm_course/02-tools/03-imt sdk/imt_sdk_win_64/winarm/armgcc/bin/../lib/gcc/arm-none-eabi/7.2.1/../../../../arm-none-eabi/lib/thumb/v7-m\libm.a
START GROUP
LOAD e:/embedded/imt_arm_course/02-tools/03-imt sdk/imt_sdk_win_64/winarm/armgcc/bin/../lib/gcc/arm-none-eabi/7.2.1/thumb/v7-m\libgcc.a
LOAD e:/embedded/imt_arm_course/02-tools/03-imt sdk/imt_sdk_win_64/winarm/armgcc/bin/../lib/gcc/arm-none-eabi/7.2.1/../../../../arm-none-eabi/lib/thumb/v7-m\libg_nano.a
LOAD e:/embedded/imt_arm_course/02-tools/03-imt sdk/imt_sdk_win_64/winarm/armgcc/bin/../lib/gcc/arm-none-eabi/7.2.1/../../../../arm-none-eabi/lib/thumb/v7-m\libc_nano.a
END GROUP
START GROUP
LOAD e:/embedded/imt_arm_course/02-tools/03-imt sdk/imt_sdk_win_64/winarm/armgcc/bin/../lib/gcc/arm-none-eabi/7.2.1/thumb/v7-m\libgcc.a
LOAD e:/embedded/imt_arm_course/02-tools/03-imt sdk/imt_sdk_win_64/winarm/armgcc/bin/../lib/gcc/arm-none-eabi/7.2.1/../../../../arm-none-eabi/lib/thumb/v7-m\libc_nano.a
END GROUP
                0x20005000                __stack = (ORIGIN (RAM) + LENGTH (RAM))
                0x20005000                _estack = __stack
                0x00000400                __Main_Stack_Size = 0x400
                [!provide]                PROVIDE (_Main_Stack_Size, __Main_Stack_Size)
                0x20004c00                __Main_Stack_Limit = (__stack - __Main_Stack_Size)
                [!provide]                PROVIDE (_Main_Stack_Limit, __Main_Stack_Limit)
                0x00000100                _Minimum_Stack_Size = 0x100
                0x20000268                PROVIDE (_Heap_Begin, _end_noinit)
                0x20004c00                PROVIDE (_Heap_Limit, (__stack - __Main_Stack_Size))

.isr_vector     0x08000000      0x350
 FILL mask 0xff
                0x08000000                __vectors_start = ABSOLUTE (.)
                0x08000000                __vectors_start__ = ABSOLUTE (.)
 *(.isr_vector)
 .isr_vector    0x08000000      0x10c ./system/src/cmsis/vectors_stm32f10x.o
                0x08000000                __isr_vectors
 *(.cfmconfig)
 *(.after_vectors .after_vectors.*)
 .after_vectors
                0x0800010c      0x114 ./system/src/newlib/_startup.o
                0x0800010c                _start
 .after_vectors
                0x08000220      0x12c ./system/src/cortexm/exception_handlers.o
                0x08000220                Reset_Handler
                0x08000226                NMI_Handler
                0x0800022a                HardFault_Handler
                0x0800023e                HardFault_Handler_C
                0x0800029c                MemManage_Handler
                0x080002a0                BusFault_Handler
                0x080002b4                BusFault_Handler_C
                0x080002e8                UsageFault_Handler
                0x080002fc                UsageFault_Handler_C
                0x08000330                SVC_Handler
                0x08000334                DebugMon_Handler
                0x08000338                PendSV_Handler
 .after_vectors
                0x0800034c        0x4 ./system/src/cmsis/vectors_stm32f10x.o
                0x0800034c                EXTI2_IRQHandler
                0x0800034c                TIM8_TRG_COM_IRQHandler
                0x0800034c                TIM8_CC_IRQHandler
                0x0800034c                TIM1_CC_IRQHandler
                0x0800034c                TIM6_IRQHandler
                0x0800034c                PVD_IRQHandler
                0x0800034c                SDIO_IRQHandler
                0x0800034c                CAN2_RX1_IRQHandler
                0x0800034c                EXTI3_IRQHandler
                0x0800034c                TIM8_TRG_COM_TIM14_IRQHandler
                0x0800034c                TIM1_UP_TIM10_IRQHandler
                0x0800034c                TIM8_UP_TIM13_IRQHandler
                0x0800034c                EXTI0_IRQHandler
                0x0800034c                I2C2_EV_IRQHandler
                0x0800034c                CAN1_RX0_IRQHandler
                0x0800034c                TIM1_UP_TIM16_IRQHandler
                0x0800034c                CAN2_SCE_IRQHandler
                0x0800034c                ADC1_2_IRQHandler
                0x0800034c                SPI1_IRQHandler
                0x0800034c                TAMPER_IRQHandler
                0x0800034c                TIM6_DAC_IRQHandler
                0x0800034c                TIM1_BRK_TIM9_IRQHandler
                0x0800034c                CAN2_RX0_IRQHandler
                0x0800034c                TIM8_UP_IRQHandler
                0x0800034c                DMA2_Channel2_IRQHandler
                0x0800034c                DMA1_Channel4_IRQHandler
                0x0800034c                USART3_IRQHandler
                0x0800034c                RTC_IRQHandler
                0x0800034c                DMA1_Channel7_IRQHandler
                0x0800034c                CAN1_RX1_IRQHandler
                0x0800034c                UART5_IRQHandler
                0x0800034c                ADC3_IRQHandler
                0x0800034c                TIM4_IRQHandler
                0x0800034c                DMA2_Channel1_IRQHandler
                0x0800034c                I2C1_EV_IRQHandler
                0x0800034c                DMA1_Channel6_IRQHandler
                0x0800034c                UART4_IRQHandler
                0x0800034c                DMA2_Channel4_IRQHandler
                0x0800034c                TIM3_IRQHandler
                0x0800034c                RCC_IRQHandler
                0x0800034c                TIM8_BRK_TIM12_IRQHandler
                0x0800034c                TIM1_TRG_COM_IRQHandler
                0x0800034c                DMA1_Channel1_IRQHandler
                0x0800034c                Default_Handler
                0x0800034c                CEC_IRQHandler
                0x0800034c                EXTI15_10_IRQHandler
                0x0800034c                TIM14_IRQHandler
                0x0800034c                TIM13_IRQHandler
                0x0800034c                TIM12_IRQHandler
                0x0800034c                TIM7_IRQHandler
                0x0800034c                CAN2_TX_IRQHandler
                0x0800034c                TIM5_IRQHandler
                0x0800034c                EXTI9_5_IRQHandler
                0x0800034c                ETH_WKUP_IRQHandler
                0x0800034c                SPI2_IRQHandler
                0x0800034c                CAN1_TX_IRQHandler
                0x0800034c                DMA2_Channel5_IRQHandler
                0x0800034c                DMA1_Channel5_IRQHandler
                0x0800034c                EXTI4_IRQHandler
                0x0800034c                USB_LP_CAN1_RX0_IRQHandler
                0x0800034c                TIM1_TRG_COM_TIM17_IRQHandler
                0x0800034c                USB_HP_CAN1_TX_IRQHandler
                0x0800034c                DMA1_Channel3_IRQHandler
                0x0800034c                FSMC_IRQHandler
                0x0800034c                ETH_IRQHandler
                0x0800034c                TIM1_UP_IRQHandler
                0x0800034c                WWDG_IRQHandler
                0x0800034c                TIM2_IRQHandler
                0x0800034c                OTG_FS_WKUP_IRQHandler
                0x0800034c                TIM1_TRG_COM_TIM11_IRQHandler
                0x0800034c                TIM1_BRK_IRQHandler
                0x0800034c                EXTI1_IRQHandler
                0x0800034c                RTCAlarm_IRQHandler
                0x0800034c                DMA2_Channel4_5_IRQHandler
                0x0800034c                USART2_IRQHandler
                0x0800034c                I2C2_ER_IRQHandler
                0x0800034c                DMA1_Channel2_IRQHandler
                0x0800034c                TIM8_BRK_IRQHandler
                0x0800034c                CAN1_SCE_IRQHandler
                0x0800034c                FLASH_IRQHandler
                0x0800034c                OTG_FS_IRQHandler
                0x0800034c                SPI3_IRQHandler
                0x0800034c                I2C1_ER_IRQHandler
                0x0800034c                USBWakeUp_IRQHandler
                0x0800034c                DMA2_Channel3_IRQHandler
                0x0800034c                TIM1_BRK_TIM15_IRQHandler

.inits          0x08000350       0x28
                0x08000350                __data_regions_array_start = .
                0x08000350        0x4 LONG 0x80017e4 LOADADDR (.data)
                0x08000354        0x4 LONG 0x20000000 ADDR (.data)
                0x08000358        0x4 LONG 0x20000088 (ADDR (.data) + SIZEOF (.data))
                0x0800035c        0x4 LONG 0x80017e4 LOADADDR (.data_CCMRAM)
                0x08000360        0x4 LONG 0x0 ADDR (.data_CCMRAM)
                0x08000364        0x4 LONG 0x0 (ADDR (.data_CCMRAM) + SIZEOF (.data_CCMRAM))
                0x08000368                __data_regions_array_end = .
                0x08000368                __bss_regions_array_start = .
                0x08000368        0x4 LONG 0x20000088 ADDR (.bss)
                0x0800036c        0x4 LONG 0x20000268 (ADDR (.bss) + SIZEOF (.bss))
                0x08000370        0x4 LONG 0x0 ADDR (.bss_CCMRAM)
                0x08000374        0x4 LONG 0x0 (ADDR (.bss_CCMRAM) + SIZEOF (.bss_CCMRAM))
                0x08000378                __bss_regions_array_end = .
 *(.init)
 *(.fini)
                0x08000378                . = ALIGN (0x4)
                0x08000378                PROVIDE (__preinit_array_start, .)
 *(.preinit_array_sysinit .preinit_array_sysinit.*)
 *(.preinit_array_platform .preinit_array_platform.*)
 *(.preinit_array .preinit_array.*)
                0x08000378                PROVIDE (__preinit_array_end, .)
                0x08000378                . = ALIGN (0x4)
                0x08000378                PROVIDE (__init_array_start, .)
 *(SORT_BY_NAME(.init_array.*))
 *(.init_array)
                0x08000378                PROVIDE (__init_array_end, .)
                0x08000378                . = ALIGN (0x4)
                0x08000378                PROVIDE (__fini_array_start, .)
 *(SORT_BY_NAME(.fini_array.*))
 *(.fini_array)
                0x08000378                PROVIDE (__fini_array_end, .)

.flashtext
 *(.flashtext .flashtext.*)

.text           0x08000378     0x146b
 *(.text .text.*)
 .text._exit    0x08000378        0x2 ./system/src/newlib/_exit.o
                0x08000378                _exit
 *fill*         0x0800037a        0x2 
 .text._sbrk    0x0800037c       0x44 ./system/src/newlib/_sbrk.o
                0x0800037c                _sbrk
 .text.__initialize_args
                0x080003c0       0x10 ./system/src/newlib/_syscalls.o
                0x080003c0                __initialize_args
 .text.trace_printf
                0x080003d0       0x30 ./system/src/diag/Trace.o
                0x080003d0                trace_printf
 .text._trace_write_semihosting_debug
                0x08000400       0x60 ./system/src/diag/trace_impl.o
 .text.trace_write
                0x08000460        0x8 ./system/src/diag/trace_impl.o
                0x08000460                trace_write
 .text.__initialize_hardware_early
                0x08000468       0x18 ./system/src/cortexm/_initialize_hardware.o
                0x08000468                __initialize_hardware_early
 .text.__initialize_hardware
                0x08000480        0x8 ./system/src/cortexm/_initialize_hardware.o
                0x08000480                __initialize_hardware
 .text.dumpExceptionStack
                0x08000488       0xf4 ./system/src/cortexm/exception_handlers.o
                0x08000488                dumpExceptionStack
 .text.isSemihosting
                0x0800057c       0x20 ./system/src/cortexm/exception_handlers.o
                0x0800057c                isSemihosting
 .text.SetSysClockTo72
                0x0800059c       0xc4 ./system/src/cmsis/system_stm32f10x.o
 .text.SetSysClock
                0x08000660        0x8 ./system/src/cmsis/system_stm32f10x.o
 .text.SystemInit
                0x08000668       0x50 ./system/src/cmsis/system_stm32f10x.o
                0x08000668                SystemInit
 .text.SystemCoreClockUpdate
                0x080006b8       0x94 ./system/src/cmsis/system_stm32f10x.o
                0x080006b8                SystemCoreClockUpdate
 .text.FPEC_vidEnableClock
                0x0800074c        0xc ./src/FPEC_program.o
                0x0800074c                FPEC_vidEnableClock
 .text.FPEC_voidFlashPageErase
                0x08000758       0x60 ./src/FPEC_program.o
                0x08000758                FPEC_voidFlashPageErase
 .text.FPEC_voidEraseArea
                0x080007b8       0x18 ./src/FPEC_program.o
                0x080007b8                FPEC_voidEraseArea
 .text.FPEC_voidFlashWrite
                0x080007d0       0x78 ./src/FPEC_program.o
                0x080007d0                FPEC_voidFlashWrite
 .text.GPIO_vidSetPinDirection
                0x08000848       0xfc ./src/GPIO_program.o
                0x08000848                GPIO_vidSetPinDirection
 .text.GPIO_vidEnablePortClock
                0x08000944       0x2c ./src/GPIO_program.o
                0x08000944                GPIO_vidEnablePortClock
 .text.NVIC_vidEnableInterrupt
                0x08000970       0x2c ./src/NVIC_program.o
                0x08000970                NVIC_vidEnableInterrupt
 .text.OTA_vidRunAppCode
                0x0800099c       0x24 ./src/OTA_program.o
 .text.OTA_vidCharReceived
                0x080009c0       0x44 ./src/OTA_program.o
 .text.getHex   0x08000a04       0x22 ./src/OTA_program.o
 *fill*         0x08000a26        0x2 
 .text.OTA_vidSetHighAddress
                0x08000a28       0x38 ./src/OTA_program.o
 .text.OTA_vidParseRecord
                0x08000a60      0x128 ./src/OTA_program.o
 .text.OTA_vidInit
                0x08000b88       0x54 ./src/OTA_program.o
                0x08000b88                OTA_vidInit
 .text.OTA_vidRun
                0x08000bdc       0x74 ./src/OTA_program.o
                0x08000bdc                OTA_vidRun
 .text.RCC_vidInitSysClock
                0x08000c50       0x3c ./src/RCC_program.o
                0x08000c50                RCC_vidInitSysClock
 .text.RCC_vidEnableClock
                0x08000c8c       0x4c ./src/RCC_program.o
                0x08000c8c                RCC_vidEnableClock
 .text.STK_vidInit
                0x08000cd8        0xc ./src/STK_program.o
                0x08000cd8                STK_vidInit
 .text.STK_vidSetIntervalSingle
                0x08000ce4       0x30 ./src/STK_program.o
                0x08000ce4                STK_vidSetIntervalSingle
 .text.STK_vidStopInterval
                0x08000d14       0x28 ./src/STK_program.o
                0x08000d14                STK_vidStopInterval
 .text.SysTick_Handler
                0x08000d3c       0x28 ./src/STK_program.o
                0x08000d3c                SysTick_Handler
 .text.USART1_vidInit
                0x08000d64       0x2c ./src/USART_program.o
                0x08000d64                USART1_vidInit
 .text.USART1_vidEnableRecieveInterrupt
                0x08000d90       0x18 ./src/USART_program.o
                0x08000d90                USART1_vidEnableRecieveInterrupt
 .text.USART1_vidDisableRecieveInterrupt
                0x08000da8       0x10 ./src/USART_program.o
                0x08000da8                USART1_vidDisableRecieveInterrupt
 .text.USART1_vidTransmit
                0x08000db8       0x14 ./src/USART_program.o
                0x08000db8                USART1_vidTransmit
 .text.USART1_vidEnableClock
                0x08000dcc        0xc ./src/USART_program.o
                0x08000dcc                USART1_vidEnableClock
 .text.USART1_IRQHandler
                0x08000dd8       0x24 ./src/USART_program.o
                0x08000dd8                USART1_IRQHandler
 .text.main     0x08000dfc        0xc ./src/main.o
                0x08000dfc                main
 .text.__errno  0x08000e08        0xc e:/embedded/imt_arm_course/02-tools/03-imt sdk/imt_sdk_win_64/winarm/armgcc/bin/../lib/gcc/arm-none-eabi/7.2.1/../../../../arm-none-eabi/lib/thumb/v7-m\libg_nano.a(lib_a-errno.o)
                0x08000e08                __errno
 .text._vsnprintf_r
                0x08000e14       0x58 e:/embedded/imt_arm_course/02-tools/03-imt sdk/imt_sdk_win_64/winarm/armgcc/bin/../lib/gcc/arm-none-eabi/7.2.1/../../../../arm-none-eabi/lib/thumb/v7-m\libg_nano.a(lib_a-vsnprintf.o)
                0x08000e14                _vsniprintf_r
                0x08000e14                _vsnprintf_r
 .text.vsnprintf
                0x08000e6c       0x1c e:/embedded/imt_arm_course/02-tools/03-imt sdk/imt_sdk_win_64/winarm/armgcc/bin/../lib/gcc/arm-none-eabi/7.2.1/../../../../arm-none-eabi/lib/thumb/v7-m\libg_nano.a(lib_a-vsnprintf.o)
                0x08000e6c                vsniprintf
                0x08000e6c                vsnprintf
 .text.__ssputs_r
                0x08000e88       0xb4 e:/embedded/imt_arm_course/02-tools/03-imt sdk/imt_sdk_win_64/winarm/armgcc/bin/../lib/gcc/arm-none-eabi/7.2.1/../../../../arm-none-eabi/lib/thumb/v7-m\libg_nano.a(lib_a-nano-svfprintf.o)
                0x08000e88                __ssputs_r
 .text._svfprintf_r
                0x08000f3c      0x1ec e:/embedded/imt_arm_course/02-tools/03-imt sdk/imt_sdk_win_64/winarm/armgcc/bin/../lib/gcc/arm-none-eabi/7.2.1/../../../../arm-none-eabi/lib/thumb/v7-m\libg_nano.a(lib_a-nano-svfprintf.o)
                0x08000f3c                _svfiprintf_r
                0x08000f3c                _svfprintf_r
 .text._printf_common
                0x08001128       0xec e:/embedded/imt_arm_course/02-tools/03-imt sdk/imt_sdk_win_64/winarm/armgcc/bin/../lib/gcc/arm-none-eabi/7.2.1/../../../../arm-none-eabi/lib/thumb/v7-m\libg_nano.a(lib_a-nano-vfprintf_i.o)
                0x08001128                _printf_common
 .text._printf_i
                0x08001214      0x224 e:/embedded/imt_arm_course/02-tools/03-imt sdk/imt_sdk_win_64/winarm/armgcc/bin/../lib/gcc/arm-none-eabi/7.2.1/../../../../arm-none-eabi/lib/thumb/v7-m\libg_nano.a(lib_a-nano-vfprintf_i.o)
                0x08001214                _printf_i
 .text.memchr   0x08001438       0x1c e:/embedded/imt_arm_course/02-tools/03-imt sdk/imt_sdk_win_64/winarm/armgcc/bin/../lib/gcc/arm-none-eabi/7.2.1/../../../../arm-none-eabi/lib/thumb/v7-m\libg_nano.a(lib_a-memchr-stub.o)
                0x08001438                memchr
 .text.memcpy   0x08001454       0x16 e:/embedded/imt_arm_course/02-tools/03-imt sdk/imt_sdk_win_64/winarm/armgcc/bin/../lib/gcc/arm-none-eabi/7.2.1/../../../../arm-none-eabi/lib/thumb/v7-m\libg_nano.a(lib_a-memcpy-stub.o)
                0x08001454                memcpy
 .text.memmove  0x0800146a       0x32 e:/embedded/imt_arm_course/02-tools/03-imt sdk/imt_sdk_win_64/winarm/armgcc/bin/../lib/gcc/arm-none-eabi/7.2.1/../../../../arm-none-eabi/lib/thumb/v7-m\libg_nano.a(lib_a-memmove.o)
                0x0800146a                memmove
 .text._free_r  0x0800149c       0x98 e:/embedded/imt_arm_course/02-tools/03-imt sdk/imt_sdk_win_64/winarm/armgcc/bin/../lib/gcc/arm-none-eabi/7.2.1/../../../../arm-none-eabi/lib/thumb/v7-m\libg_nano.a(lib_a-nano-freer.o)
                0x0800149c                _free_r
 .text._malloc_r
                0x08001534       0xb4 e:/embedded/imt_arm_course/02-tools/03-imt sdk/imt_sdk_win_64/winarm/armgcc/bin/../lib/gcc/arm-none-eabi/7.2.1/../../../../arm-none-eabi/lib/thumb/v7-m\libg_nano.a(lib_a-nano-mallocr.o)
                0x08001534                _malloc_r
 .text._realloc_r
                0x080015e8       0x4c e:/embedded/imt_arm_course/02-tools/03-imt sdk/imt_sdk_win_64/winarm/armgcc/bin/../lib/gcc/arm-none-eabi/7.2.1/../../../../arm-none-eabi/lib/thumb/v7-m\libg_nano.a(lib_a-nano-reallocr.o)
                0x080015e8                _realloc_r
 .text._sbrk_r  0x08001634       0x20 e:/embedded/imt_arm_course/02-tools/03-imt sdk/imt_sdk_win_64/winarm/armgcc/bin/../lib/gcc/arm-none-eabi/7.2.1/../../../../arm-none-eabi/lib/thumb/v7-m\libg_nano.a(lib_a-sbrkr.o)
                0x08001634                _sbrk_r
 .text.__malloc_lock
                0x08001654        0x2 e:/embedded/imt_arm_course/02-tools/03-imt sdk/imt_sdk_win_64/winarm/armgcc/bin/../lib/gcc/arm-none-eabi/7.2.1/../../../../arm-none-eabi/lib/thumb/v7-m\libg_nano.a(lib_a-mlock.o)
                0x08001654                __malloc_lock
 .text.__malloc_unlock
                0x08001656        0x2 e:/embedded/imt_arm_course/02-tools/03-imt sdk/imt_sdk_win_64/winarm/armgcc/bin/../lib/gcc/arm-none-eabi/7.2.1/../../../../arm-none-eabi/lib/thumb/v7-m\libg_nano.a(lib_a-mlock.o)
                0x08001656                __malloc_unlock
 .text._malloc_usable_size_r
                0x08001658       0x10 e:/embedded/imt_arm_course/02-tools/03-imt sdk/imt_sdk_win_64/winarm/armgcc/bin/../lib/gcc/arm-none-eabi/7.2.1/../../../../arm-none-eabi/lib/thumb/v7-m\libg_nano.a(lib_a-nano-msizer.o)
                0x08001658                _malloc_usable_size_r
 *(.rodata .rodata.* .constdata .constdata.*)
 .rodata.dumpExceptionStack.str1.4
                0x08001668      0x11a ./system/src/cortexm/exception_handlers.o
 *fill*         0x08001782        0x2 
 .rodata.str1.4
                0x08001784       0x2c ./system/src/cortexm/exception_handlers.o
                                 0x2a (size before relaxing)
 .rodata._svfprintf_r.str1.1
                0x080017b0       0x11 e:/embedded/imt_arm_course/02-tools/03-imt sdk/imt_sdk_win_64/winarm/armgcc/bin/../lib/gcc/arm-none-eabi/7.2.1/../../../../arm-none-eabi/lib/thumb/v7-m\libg_nano.a(lib_a-nano-svfprintf.o)
 .rodata._printf_i.str1.1
                0x080017c1       0x22 e:/embedded/imt_arm_course/02-tools/03-imt sdk/imt_sdk_win_64/winarm/armgcc/bin/../lib/gcc/arm-none-eabi/7.2.1/../../../../arm-none-eabi/lib/thumb/v7-m\libg_nano.a(lib_a-nano-vfprintf_i.o)
 *(vtable)
 *(.eh_frame*)
 *(.glue_7)
 .glue_7        0x080017e3        0x0 linker stubs
 *(.glue_7t)
 .glue_7t       0x080017e3        0x0 linker stubs

.vfp11_veneer   0x080017e4        0x0
 .vfp11_veneer  0x080017e4        0x0 linker stubs

.v4_bx          0x080017e4        0x0
 .v4_bx         0x080017e4        0x0 linker stubs

.iplt           0x080017e4        0x0
 .iplt          0x080017e4        0x0 ./system/src/newlib/_exit.o

.rel.dyn        0x080017e4        0x0
 .rel.iplt      0x080017e4        0x0 ./system/src/newlib/_exit.o

.ARM.extab
 *(.ARM.extab* .gnu.linkonce.armextab.*)
                0x080017e4                . = ALIGN (0x4)
                0x080017e4                __exidx_start = .

.ARM.exidx
 *(.ARM.exidx* .gnu.linkonce.armexidx.*)
                0x080017e4                __exidx_end = .
                0x080017e4                . = ALIGN (0x4)
                0x080017e4                _etext = .
                0x080017e4                __etext = .

.data_CCMRAM    0x00000000        0x0 load address 0x080017e4
 FILL mask 0xff
 *(.data.CCMRAM .data.CCMRAM.*)
                0x00000000                . = ALIGN (0x4)
                0x080017e4                _sidata = LOADADDR (.data)

.data           0x20000000       0x88 load address 0x080017e4
 FILL mask 0xff
                0x20000000                _sdata = .
                0x20000000                __data_start__ = .
 *(.data_begin .data_begin.*)
 .data_begin    0x20000000        0x4 ./system/src/newlib/_startup.o
 *(.data .data.*)
 .data.argv.4310
                0x20000004        0x8 ./system/src/newlib/_syscalls.o
 .data.AHBPrescTable
                0x2000000c       0x10 ./system/src/cmsis/system_stm32f10x.o
                0x2000000c                AHBPrescTable
 .data.SystemCoreClock
                0x2000001c        0x4 ./system/src/cmsis/system_stm32f10x.o
                0x2000001c                SystemCoreClock
 .data._impure_ptr
                0x20000020        0x4 e:/embedded/imt_arm_course/02-tools/03-imt sdk/imt_sdk_win_64/winarm/armgcc/bin/../lib/gcc/arm-none-eabi/7.2.1/../../../../arm-none-eabi/lib/thumb/v7-m\libg_nano.a(lib_a-impure.o)
                0x20000020                _impure_ptr
 .data.impure_data
                0x20000024       0x60 e:/embedded/imt_arm_course/02-tools/03-imt sdk/imt_sdk_win_64/winarm/armgcc/bin/../lib/gcc/arm-none-eabi/7.2.1/../../../../arm-none-eabi/lib/thumb/v7-m\libg_nano.a(lib_a-impure.o)
 *(.data_end .data_end.*)
 .data_end      0x20000084        0x4 ./system/src/newlib/_startup.o
                0x20000088                . = ALIGN (0x4)
                0x20000088                _edata = .
                0x20000088                __data_end__ = .

.igot.plt       0x20000088        0x0 load address 0x0800186c
 .igot.plt      0x20000088        0x0 ./system/src/newlib/_exit.o

.bss_CCMRAM     0x00000000        0x0
 *(.bss.CCMRAM .bss.CCMRAM.*)

.bss            0x20000088      0x1e0
                0x20000088                __bss_start__ = .
                0x20000088                _sbss = .
 *(.bss_begin .bss_begin.*)
 .bss_begin     0x20000088        0x4 ./system/src/newlib/_startup.o
 *(.bss .bss.*)
 .bss.current_heap_end.3961
                0x2000008c        0x4 ./system/src/newlib/_sbrk.o
 .bss.name.4309
                0x20000090        0x1 ./system/src/newlib/_syscalls.o
 *fill*         0x20000091        0x3 
 .bss.buf.5205  0x20000094       0x80 ./system/src/diag/Trace.o
 .bss.addr_to_call
                0x20000114        0x4 ./src/OTA_program.o
                0x20000114                addr_to_call
 .bss.g_data    0x20000118       0xc8 ./src/OTA_program.o
                0x20000118                g_data
 .bss.g_finishReceiveFlag
                0x200001e0        0x1 ./src/OTA_program.o
                0x200001e0                g_finishReceiveFlag
 .bss.g_lineReceivedFlag
                0x200001e1        0x1 ./src/OTA_program.o
                0x200001e1                g_lineReceivedFlag
 .bss.g_recieveCounter
                0x200001e2        0x1 ./src/OTA_program.o
                0x200001e2                g_recieveCounter
 *fill*         0x200001e3        0x1 
 .bss.STK_callBack
                0x200001e4        0x4 ./src/STK_program.o
 .bss.STK_u8ModeOfInterval
                0x200001e8        0x1 ./src/STK_program.o
 *fill*         0x200001e9        0x3 
 .bss.USART1_recieveCallback
                0x200001ec        0x4 ./src/USART_program.o
 .bss.__malloc_free_list
                0x200001f0        0x4 e:/embedded/imt_arm_course/02-tools/03-imt sdk/imt_sdk_win_64/winarm/armgcc/bin/../lib/gcc/arm-none-eabi/7.2.1/../../../../arm-none-eabi/lib/thumb/v7-m\libg_nano.a(lib_a-nano-mallocr.o)
                0x200001f0                __malloc_free_list
 .bss.__malloc_sbrk_start
                0x200001f4        0x4 e:/embedded/imt_arm_course/02-tools/03-imt sdk/imt_sdk_win_64/winarm/armgcc/bin/../lib/gcc/arm-none-eabi/7.2.1/../../../../arm-none-eabi/lib/thumb/v7-m\libg_nano.a(lib_a-nano-mallocr.o)
                0x200001f4                __malloc_sbrk_start
 *(COMMON)
 COMMON         0x200001f8        0x4 ./system/src/newlib/_syscalls.o
                0x200001f8                errno
 COMMON         0x200001fc       0x68 ./src/OTA_program.o
                0x200001fc                g_recieveBuffer
                0x20000260                g_address
 *(.bss_end .bss_end.*)
 .bss_end       0x20000264        0x4 ./system/src/newlib/_startup.o
                0x20000268                . = ALIGN (0x4)
                0x20000268                __bss_end__ = .
                0x20000268                _ebss = .

.noinit_CCMRAM
 *(.noinit.CCMRAM .noinit.CCMRAM.*)

.noinit         0x20000268        0x0
                0x20000268                _noinit = .
 *(.noinit .noinit.*)
                0x20000268                . = ALIGN (0x4)
                0x20000268                _end_noinit = .
                [!provide]                PROVIDE (end, _end_noinit)
                [!provide]                PROVIDE (_end, _end_noinit)
                [!provide]                PROVIDE (__end, _end_noinit)
                [!provide]                PROVIDE (__end__, _end_noinit)

._check_stack   0x20000268      0x100
                0x20000368                . = (. + _Minimum_Stack_Size)
 *fill*         0x20000268      0x100 

.b1text
 *(.b1text)
 *(.b1rodata)
 *(.b1rodata.*)

.eb0text
 *(.eb0text)
 *(.eb0rodata)
 *(.eb0rodata.*)

.eb1text
 *(.eb1text)
 *(.eb1rodata)
 *(.eb1rodata.*)

.eb2text
 *(.eb2text)
 *(.eb2rodata)
 *(.eb2rodata.*)

.eb3text
 *(.eb3text)
 *(.eb3rodata)
 *(.eb3rodata.*)

.stab
 *(.stab)

.stabstr
 *(.stabstr)

.stab.excl
 *(.stab.excl)

.stab.exclstr
 *(.stab.exclstr)

.stab.index
 *(.stab.index)

.stab.indexstr
 *(.stab.indexstr)

.comment        0x00000000       0x7e
 *(.comment)
 .comment       0x00000000       0x7e ./system/src/newlib/_exit.o
                                 0x7f (size before relaxing)
 .comment       0x0000007e       0x7f ./system/src/newlib/_sbrk.o
 .comment       0x0000007e       0x7f ./system/src/newlib/_startup.o
 .comment       0x0000007e       0x7f ./system/src/newlib/_syscalls.o
 .comment       0x0000007e       0x7f ./system/src/diag/Trace.o
 .comment       0x0000007e       0x7f ./system/src/diag/trace_impl.o
 .comment       0x0000007e       0x7f ./system/src/cortexm/_initialize_hardware.o
 .comment       0x0000007e       0x7f ./system/src/cortexm/exception_handlers.o
 .comment       0x0000007e       0x7f ./system/src/cmsis/system_stm32f10x.o
 .comment       0x0000007e       0x7f ./system/src/cmsis/vectors_stm32f10x.o
 .comment       0x0000007e       0x7f ./src/FPEC_program.o
 .comment       0x0000007e       0x7f ./src/GPIO_program.o
 .comment       0x0000007e       0x7f ./src/NVIC_program.o
 .comment       0x0000007e       0x7f ./src/OTA_program.o
 .comment       0x0000007e       0x7f ./src/RCC_program.o
 .comment       0x0000007e       0x7f ./src/STK_program.o
 .comment       0x0000007e       0x7f ./src/USART_program.o
 .comment       0x0000007e       0x7f ./src/main.o

.ARM.attributes
                0x00000000       0x31
 .ARM.attributes
                0x00000000       0x33 ./system/src/newlib/_exit.o
 .ARM.attributes
                0x00000033       0x33 ./system/src/newlib/_sbrk.o
 .ARM.attributes
                0x00000066       0x33 ./system/src/newlib/_startup.o
 .ARM.attributes
                0x00000099       0x33 ./system/src/newlib/_syscalls.o
 .ARM.attributes
                0x000000cc       0x33 ./system/src/diag/Trace.o
 .ARM.attributes
                0x000000ff       0x33 ./system/src/diag/trace_impl.o
 .ARM.attributes
                0x00000132       0x33 ./system/src/cortexm/_initialize_hardware.o
 .ARM.attributes
                0x00000165       0x33 ./system/src/cortexm/exception_handlers.o
 .ARM.attributes
                0x00000198       0x33 ./system/src/cmsis/system_stm32f10x.o
 .ARM.attributes
                0x000001cb       0x33 ./system/src/cmsis/vectors_stm32f10x.o
 .ARM.attributes
                0x000001fe       0x33 ./src/FPEC_program.o
 .ARM.attributes
                0x00000231       0x33 ./src/GPIO_program.o
 .ARM.attributes
                0x00000264       0x33 ./src/NVIC_program.o
 .ARM.attributes
                0x00000297       0x33 ./src/OTA_program.o
 .ARM.attributes
                0x000002ca       0x33 ./src/RCC_program.o
 .ARM.attributes
                0x000002fd       0x33 ./src/STK_program.o
 .ARM.attributes
                0x00000330       0x33 ./src/USART_program.o
 .ARM.attributes
                0x00000363       0x33 ./src/main.o
 .ARM.attributes
                0x00000396       0x2d e:/embedded/imt_arm_course/02-tools/03-imt sdk/imt_sdk_win_64/winarm/armgcc/bin/../lib/gcc/arm-none-eabi/7.2.1/../../../../arm-none-eabi/lib/thumb/v7-m\libg_nano.a(lib_a-errno.o)
 .ARM.attributes
                0x000003c3       0x2d e:/embedded/imt_arm_course/02-tools/03-imt sdk/imt_sdk_win_64/winarm/armgcc/bin/../lib/gcc/arm-none-eabi/7.2.1/../../../../arm-none-eabi/lib/thumb/v7-m\libg_nano.a(lib_a-impure.o)
 .ARM.attributes
                0x000003f0       0x2d e:/embedded/imt_arm_course/02-tools/03-imt sdk/imt_sdk_win_64/winarm/armgcc/bin/../lib/gcc/arm-none-eabi/7.2.1/../../../../arm-none-eabi/lib/thumb/v7-m\libg_nano.a(lib_a-vsnprintf.o)
 .ARM.attributes
                0x0000041d       0x2d e:/embedded/imt_arm_course/02-tools/03-imt sdk/imt_sdk_win_64/winarm/armgcc/bin/../lib/gcc/arm-none-eabi/7.2.1/../../../../arm-none-eabi/lib/thumb/v7-m\libg_nano.a(lib_a-nano-svfprintf.o)
 .ARM.attributes
                0x0000044a       0x2d e:/embedded/imt_arm_course/02-tools/03-imt sdk/imt_sdk_win_64/winarm/armgcc/bin/../lib/gcc/arm-none-eabi/7.2.1/../../../../arm-none-eabi/lib/thumb/v7-m\libg_nano.a(lib_a-nano-vfprintf_i.o)
 .ARM.attributes
                0x00000477       0x2d e:/embedded/imt_arm_course/02-tools/03-imt sdk/imt_sdk_win_64/winarm/armgcc/bin/../lib/gcc/arm-none-eabi/7.2.1/../../../../arm-none-eabi/lib/thumb/v7-m\libg_nano.a(lib_a-memchr-stub.o)
 .ARM.attributes
                0x000004a4       0x2d e:/embedded/imt_arm_course/02-tools/03-imt sdk/imt_sdk_win_64/winarm/armgcc/bin/../lib/gcc/arm-none-eabi/7.2.1/../../../../arm-none-eabi/lib/thumb/v7-m\libg_nano.a(lib_a-memcpy-stub.o)
 .ARM.attributes
                0x000004d1       0x2d e:/embedded/imt_arm_course/02-tools/03-imt sdk/imt_sdk_win_64/winarm/armgcc/bin/../lib/gcc/arm-none-eabi/7.2.1/../../../../arm-none-eabi/lib/thumb/v7-m\libg_nano.a(lib_a-memmove.o)
 .ARM.attributes
                0x000004fe       0x2d e:/embedded/imt_arm_course/02-tools/03-imt sdk/imt_sdk_win_64/winarm/armgcc/bin/../lib/gcc/arm-none-eabi/7.2.1/../../../../arm-none-eabi/lib/thumb/v7-m\libg_nano.a(lib_a-nano-freer.o)
 .ARM.attributes
                0x0000052b       0x2d e:/embedded/imt_arm_course/02-tools/03-imt sdk/imt_sdk_win_64/winarm/armgcc/bin/../lib/gcc/arm-none-eabi/7.2.1/../../../../arm-none-eabi/lib/thumb/v7-m\libg_nano.a(lib_a-nano-mallocr.o)
 .ARM.attributes
                0x00000558       0x2d e:/embedded/imt_arm_course/02-tools/03-imt sdk/imt_sdk_win_64/winarm/armgcc/bin/../lib/gcc/arm-none-eabi/7.2.1/../../../../arm-none-eabi/lib/thumb/v7-m\libg_nano.a(lib_a-nano-reallocr.o)
 .ARM.attributes
                0x00000585       0x2d e:/embedded/imt_arm_course/02-tools/03-imt sdk/imt_sdk_win_64/winarm/armgcc/bin/../lib/gcc/arm-none-eabi/7.2.1/../../../../arm-none-eabi/lib/thumb/v7-m\libg_nano.a(lib_a-sbrkr.o)
 .ARM.attributes
                0x000005b2       0x2d e:/embedded/imt_arm_course/02-tools/03-imt sdk/imt_sdk_win_64/winarm/armgcc/bin/../lib/gcc/arm-none-eabi/7.2.1/../../../../arm-none-eabi/lib/thumb/v7-m\libg_nano.a(lib_a-mlock.o)
 .ARM.attributes
                0x000005df       0x2d e:/embedded/imt_arm_course/02-tools/03-imt sdk/imt_sdk_win_64/winarm/armgcc/bin/../lib/gcc/arm-none-eabi/7.2.1/../../../../arm-none-eabi/lib/thumb/v7-m\libg_nano.a(lib_a-nano-msizer.o)

.debug
 *(.debug)

.line
 *(.line)

.debug_srcinfo
 *(.debug_srcinfo)

.debug_sfnames
 *(.debug_sfnames)

.debug_aranges  0x00000000      0x3c8
 *(.debug_aranges)
 .debug_aranges
                0x00000000       0x28 ./system/src/newlib/_exit.o
 .debug_aranges
                0x00000028       0x20 ./system/src/newlib/_sbrk.o
 .debug_aranges
                0x00000048       0x40 ./system/src/newlib/_startup.o
 .debug_aranges
                0x00000088       0x30 ./system/src/newlib/_syscalls.o
 .debug_aranges
                0x000000b8       0x38 ./system/src/diag/Trace.o
 .debug_aranges
                0x000000f0       0x30 ./system/src/diag/trace_impl.o
 .debug_aranges
                0x00000120       0x28 ./system/src/cortexm/_initialize_hardware.o
 .debug_aranges
                0x00000148       0x90 ./system/src/cortexm/exception_handlers.o
 .debug_aranges
                0x000001d8       0x38 ./system/src/cmsis/system_stm32f10x.o
 .debug_aranges
                0x00000210       0x20 ./system/src/cmsis/vectors_stm32f10x.o
 .debug_aranges
                0x00000230       0x38 ./src/FPEC_program.o
 .debug_aranges
                0x00000268       0x28 ./src/GPIO_program.o
 .debug_aranges
                0x00000290       0x20 ./src/NVIC_program.o
 .debug_aranges
                0x000002b0       0x50 ./src/OTA_program.o
 .debug_aranges
                0x00000300       0x28 ./src/RCC_program.o
 .debug_aranges
                0x00000328       0x38 ./src/STK_program.o
 .debug_aranges
                0x00000360       0x48 ./src/USART_program.o
 .debug_aranges
                0x000003a8       0x20 ./src/main.o

.debug_pubnames
 *(.debug_pubnames)

.debug_info     0x00000000     0x5765
 *(.debug_info .gnu.linkonce.wi.*)
 .debug_info    0x00000000      0x956 ./system/src/newlib/_exit.o
 .debug_info    0x00000956      0x942 ./system/src/newlib/_sbrk.o
 .debug_info    0x00001298      0x42e ./system/src/newlib/_startup.o
 .debug_info    0x000016c6      0xa19 ./system/src/newlib/_syscalls.o
 .debug_info    0x000020df      0xb2a ./system/src/diag/Trace.o
 .debug_info    0x00002c09      0x363 ./system/src/diag/trace_impl.o
 .debug_info    0x00002f6c      0x2b5 ./system/src/cortexm/_initialize_hardware.o
 .debug_info    0x00003221     0x1140 ./system/src/cortexm/exception_handlers.o
 .debug_info    0x00004361      0x494 ./system/src/cmsis/system_stm32f10x.o
 .debug_info    0x000047f5       0xca ./system/src/cmsis/vectors_stm32f10x.o
 .debug_info    0x000048bf      0x222 ./src/FPEC_program.o
 .debug_info    0x00004ae1      0x13a ./src/GPIO_program.o
 .debug_info    0x00004c1b       0xa6 ./src/NVIC_program.o
 .debug_info    0x00004cc1      0x691 ./src/OTA_program.o
 .debug_info    0x00005352       0xca ./src/RCC_program.o
 .debug_info    0x0000541c      0x121 ./src/STK_program.o
 .debug_info    0x0000553d      0x1c0 ./src/USART_program.o
 .debug_info    0x000056fd       0x68 ./src/main.o

.debug_abbrev   0x00000000     0x1866
 *(.debug_abbrev)
 .debug_abbrev  0x00000000      0x1f3 ./system/src/newlib/_exit.o
 .debug_abbrev  0x000001f3      0x1fc ./system/src/newlib/_sbrk.o
 .debug_abbrev  0x000003ef      0x1b3 ./system/src/newlib/_startup.o
 .debug_abbrev  0x000005a2      0x234 ./system/src/newlib/_syscalls.o
 .debug_abbrev  0x000007d6      0x276 ./system/src/diag/Trace.o
 .debug_abbrev  0x00000a4c      0x1e2 ./system/src/diag/trace_impl.o
 .debug_abbrev  0x00000c2e       0xea ./system/src/cortexm/_initialize_hardware.o
 .debug_abbrev  0x00000d18      0x32b ./system/src/cortexm/exception_handlers.o
 .debug_abbrev  0x00001043      0x177 ./system/src/cmsis/system_stm32f10x.o
 .debug_abbrev  0x000011ba       0x9d ./system/src/cmsis/vectors_stm32f10x.o
 .debug_abbrev  0x00001257       0xf5 ./src/FPEC_program.o
 .debug_abbrev  0x0000134c       0x9c ./src/GPIO_program.o
 .debug_abbrev  0x000013e8       0x56 ./src/NVIC_program.o
 .debug_abbrev  0x0000143e      0x191 ./src/OTA_program.o
 .debug_abbrev  0x000015cf       0x70 ./src/RCC_program.o
 .debug_abbrev  0x0000163f       0xc3 ./src/STK_program.o
 .debug_abbrev  0x00001702      0x117 ./src/USART_program.o
 .debug_abbrev  0x00001819       0x4d ./src/main.o

.debug_line     0x00000000     0x3259
 *(.debug_line)
 .debug_line    0x00000000      0x3a7 ./system/src/newlib/_exit.o
 .debug_line    0x000003a7      0x35b ./system/src/newlib/_sbrk.o
 .debug_line    0x00000702      0x415 ./system/src/newlib/_startup.o
 .debug_line    0x00000b17      0x487 ./system/src/newlib/_syscalls.o
 .debug_line    0x00000f9e      0x423 ./system/src/diag/Trace.o
 .debug_line    0x000013c1      0x690 ./system/src/diag/trace_impl.o
 .debug_line    0x00001a51      0x38a ./system/src/cortexm/_initialize_hardware.o
 .debug_line    0x00001ddb      0x752 ./system/src/cortexm/exception_handlers.o
 .debug_line    0x0000252d      0x3fd ./system/src/cmsis/system_stm32f10x.o
 .debug_line    0x0000292a      0x116 ./system/src/cmsis/vectors_stm32f10x.o
 .debug_line    0x00002a40      0x140 ./src/FPEC_program.o
 .debug_line    0x00002b80       0xfb ./src/GPIO_program.o
 .debug_line    0x00002c7b       0xac ./src/NVIC_program.o
 .debug_line    0x00002d27      0x212 ./src/OTA_program.o
 .debug_line    0x00002f39       0xc7 ./src/RCC_program.o
 .debug_line    0x00003000       0xe1 ./src/STK_program.o
 .debug_line    0x000030e1      0x11d ./src/USART_program.o
 .debug_line    0x000031fe       0x5b ./src/main.o

.debug_frame    0x00000000      0x9fc
 *(.debug_frame)
 .debug_frame   0x00000000       0x38 ./system/src/newlib/_exit.o
 .debug_frame   0x00000038       0x28 ./system/src/newlib/_sbrk.o
 .debug_frame   0x00000060       0x7c ./system/src/newlib/_startup.o
 .debug_frame   0x000000dc       0x50 ./system/src/newlib/_syscalls.o
 .debug_frame   0x0000012c       0x94 ./system/src/diag/Trace.o
 .debug_frame   0x000001c0       0x64 ./system/src/diag/trace_impl.o
 .debug_frame   0x00000224       0x40 ./system/src/cortexm/_initialize_hardware.o
 .debug_frame   0x00000264      0x158 ./system/src/cortexm/exception_handlers.o
 .debug_frame   0x000003bc       0x6c ./system/src/cmsis/system_stm32f10x.o
 .debug_frame   0x00000428       0x20 ./system/src/cmsis/vectors_stm32f10x.o
 .debug_frame   0x00000448       0x78 ./src/FPEC_program.o
 .debug_frame   0x000004c0       0x44 ./src/GPIO_program.o
 .debug_frame   0x00000504       0x20 ./src/NVIC_program.o
 .debug_frame   0x00000524       0xb8 ./src/OTA_program.o
 .debug_frame   0x000005dc       0x30 ./src/RCC_program.o
 .debug_frame   0x0000060c       0x58 ./src/STK_program.o
 .debug_frame   0x00000664       0x80 ./src/USART_program.o
 .debug_frame   0x000006e4       0x28 ./src/main.o
 .debug_frame   0x0000070c       0x20 e:/embedded/imt_arm_course/02-tools/03-imt sdk/imt_sdk_win_64/winarm/armgcc/bin/../lib/gcc/arm-none-eabi/7.2.1/../../../../arm-none-eabi/lib/thumb/v7-m\libg_nano.a(lib_a-errno.o)
 .debug_frame   0x0000072c       0x4c e:/embedded/imt_arm_course/02-tools/03-imt sdk/imt_sdk_win_64/winarm/armgcc/bin/../lib/gcc/arm-none-eabi/7.2.1/../../../../arm-none-eabi/lib/thumb/v7-m\libg_nano.a(lib_a-vsnprintf.o)
 .debug_frame   0x00000778       0x90 e:/embedded/imt_arm_course/02-tools/03-imt sdk/imt_sdk_win_64/winarm/armgcc/bin/../lib/gcc/arm-none-eabi/7.2.1/../../../../arm-none-eabi/lib/thumb/v7-m\libg_nano.a(lib_a-nano-svfprintf.o)
 .debug_frame   0x00000808       0x60 e:/embedded/imt_arm_course/02-tools/03-imt sdk/imt_sdk_win_64/winarm/armgcc/bin/../lib/gcc/arm-none-eabi/7.2.1/../../../../arm-none-eabi/lib/thumb/v7-m\libg_nano.a(lib_a-nano-vfprintf_i.o)
 .debug_frame   0x00000868       0x28 e:/embedded/imt_arm_course/02-tools/03-imt sdk/imt_sdk_win_64/winarm/armgcc/bin/../lib/gcc/arm-none-eabi/7.2.1/../../../../arm-none-eabi/lib/thumb/v7-m\libg_nano.a(lib_a-memchr-stub.o)
 .debug_frame   0x00000890       0x28 e:/embedded/imt_arm_course/02-tools/03-imt sdk/imt_sdk_win_64/winarm/armgcc/bin/../lib/gcc/arm-none-eabi/7.2.1/../../../../arm-none-eabi/lib/thumb/v7-m\libg_nano.a(lib_a-memcpy-stub.o)
 .debug_frame   0x000008b8       0x28 e:/embedded/imt_arm_course/02-tools/03-imt sdk/imt_sdk_win_64/winarm/armgcc/bin/../lib/gcc/arm-none-eabi/7.2.1/../../../../arm-none-eabi/lib/thumb/v7-m\libg_nano.a(lib_a-memmove.o)
 .debug_frame   0x000008e0       0x38 e:/embedded/imt_arm_course/02-tools/03-imt sdk/imt_sdk_win_64/winarm/armgcc/bin/../lib/gcc/arm-none-eabi/7.2.1/../../../../arm-none-eabi/lib/thumb/v7-m\libg_nano.a(lib_a-nano-freer.o)
 .debug_frame   0x00000918       0x2c e:/embedded/imt_arm_course/02-tools/03-imt sdk/imt_sdk_win_64/winarm/armgcc/bin/../lib/gcc/arm-none-eabi/7.2.1/../../../../arm-none-eabi/lib/thumb/v7-m\libg_nano.a(lib_a-nano-mallocr.o)
 .debug_frame   0x00000944       0x3c e:/embedded/imt_arm_course/02-tools/03-imt sdk/imt_sdk_win_64/winarm/armgcc/bin/../lib/gcc/arm-none-eabi/7.2.1/../../../../arm-none-eabi/lib/thumb/v7-m\libg_nano.a(lib_a-nano-reallocr.o)
 .debug_frame   0x00000980       0x2c e:/embedded/imt_arm_course/02-tools/03-imt sdk/imt_sdk_win_64/winarm/armgcc/bin/../lib/gcc/arm-none-eabi/7.2.1/../../../../arm-none-eabi/lib/thumb/v7-m\libg_nano.a(lib_a-sbrkr.o)
 .debug_frame   0x000009ac       0x30 e:/embedded/imt_arm_course/02-tools/03-imt sdk/imt_sdk_win_64/winarm/armgcc/bin/../lib/gcc/arm-none-eabi/7.2.1/../../../../arm-none-eabi/lib/thumb/v7-m\libg_nano.a(lib_a-mlock.o)
 .debug_frame   0x000009dc       0x20 e:/embedded/imt_arm_course/02-tools/03-imt sdk/imt_sdk_win_64/winarm/armgcc/bin/../lib/gcc/arm-none-eabi/7.2.1/../../../../arm-none-eabi/lib/thumb/v7-m\libg_nano.a(lib_a-nano-msizer.o)

.debug_str      0x00000000    0x57449
 *(.debug_str)
 .debug_str     0x00000000     0x7cef ./system/src/newlib/_exit.o
                               0x7ec2 (size before relaxing)
 .debug_str     0x00007cef      0x4f5 ./system/src/newlib/_sbrk.o
                               0x7274 (size before relaxing)
 .debug_str     0x000081e4      0xbbd ./system/src/newlib/_startup.o
                               0x69af (size before relaxing)
 .debug_str     0x00008da1      0xe6a ./system/src/newlib/_syscalls.o
                               0x814f (size before relaxing)
 .debug_str     0x00009c0b      0x826 ./system/src/diag/Trace.o
                               0x863a (size before relaxing)
 .debug_str     0x0000a431    0x4b2b9 ./system/src/diag/trace_impl.o
                              0x52a20 (size before relaxing)
 .debug_str     0x000556ea       0xc4 ./system/src/cortexm/_initialize_hardware.o
                              0x4e811 (size before relaxing)
 .debug_str     0x000557ae      0x1a6 ./system/src/cortexm/exception_handlers.o
                              0x53c45 (size before relaxing)
 .debug_str     0x00055954      0x114 ./system/src/cmsis/system_stm32f10x.o
                              0x4e8ab (size before relaxing)
 .debug_str     0x00055a68       0x57 ./system/src/cmsis/vectors_stm32f10x.o
                               0x3850 (size before relaxing)
 .debug_str     0x00055abf      0x41d ./src/FPEC_program.o
                               0x31b0 (size before relaxing)
 .debug_str     0x00055edc      0x63d ./src/GPIO_program.o
                               0x368a (size before relaxing)
 .debug_str     0x00056519       0xca ./src/NVIC_program.o
                               0x2f1a (size before relaxing)
 .debug_str     0x000565e3      0x5f0 ./src/OTA_program.o
                               0x392e (size before relaxing)
 .debug_str     0x00056bd3      0x4b5 ./src/RCC_program.o
                               0x3516 (size before relaxing)
 .debug_str     0x00057088      0x167 ./src/STK_program.o
                               0x3011 (size before relaxing)
 .debug_str     0x000571ef      0x24c ./src/USART_program.o
                               0x3335 (size before relaxing)
 .debug_str     0x0005743b        0xe ./src/main.o
                               0x2d37 (size before relaxing)

.debug_loc      0x00000000      0xc7d
 *(.debug_loc)
 .debug_loc     0x00000000       0x85 ./system/src/newlib/_sbrk.o
 .debug_loc     0x00000085      0x1a9 ./system/src/newlib/_startup.o
 .debug_loc     0x0000022e       0x63 ./system/src/newlib/_syscalls.o
 .debug_loc     0x00000291       0xf6 ./system/src/diag/Trace.o
 .debug_loc     0x00000387      0x121 ./system/src/diag/trace_impl.o
 .debug_loc     0x000004a8      0x291 ./system/src/cortexm/exception_handlers.o
 .debug_loc     0x00000739       0xdf ./system/src/cmsis/system_stm32f10x.o
 .debug_loc     0x00000818       0xbd ./src/FPEC_program.o
 .debug_loc     0x000008d5      0x1c3 ./src/GPIO_program.o
 .debug_loc     0x00000a98       0x45 ./src/NVIC_program.o
 .debug_loc     0x00000add       0xca ./src/OTA_program.o
 .debug_loc     0x00000ba7       0xa6 ./src/RCC_program.o
 .debug_loc     0x00000c4d       0x30 ./src/STK_program.o

.debug_macinfo
 *(.debug_macinfo)

.debug_weaknames
 *(.debug_weaknames)

.debug_funcnames
 *(.debug_funcnames)

.debug_typenames
 *(.debug_typenames)

.debug_varnames
 *(.debug_varnames)
OUTPUT(ota.elf elf32-littlearm)

.debug_ranges   0x00000000      0x320
 .debug_ranges  0x00000000       0x18 ./system/src/newlib/_exit.o
 .debug_ranges  0x00000018       0x10 ./system/src/newlib/_sbrk.o
 .debug_ranges  0x00000028       0x78 ./system/src/newlib/_startup.o
 .debug_ranges  0x000000a0       0x20 ./system/src/newlib/_syscalls.o
 .debug_ranges  0x000000c0       0x28 ./system/src/diag/Trace.o
 .debug_ranges  0x000000e8       0x50 ./system/src/diag/trace_impl.o
 .debug_ranges  0x00000138       0x18 ./system/src/cortexm/_initialize_hardware.o
 .debug_ranges  0x00000150       0x80 ./system/src/cortexm/exception_handlers.o
 .debug_ranges  0x000001d0       0x28 ./system/src/cmsis/system_stm32f10x.o
 .debug_ranges  0x000001f8       0x10 ./system/src/cmsis/vectors_stm32f10x.o
 .debug_ranges  0x00000208       0x28 ./src/FPEC_program.o
 .debug_ranges  0x00000230       0x18 ./src/GPIO_program.o
 .debug_ranges  0x00000248       0x10 ./src/NVIC_program.o
 .debug_ranges  0x00000258       0x40 ./src/OTA_program.o
 .debug_ranges  0x00000298       0x18 ./src/RCC_program.o
 .debug_ranges  0x000002b0       0x28 ./src/STK_program.o
 .debug_ranges  0x000002d8       0x38 ./src/USART_program.o
 .debug_ranges  0x00000310       0x10 ./src/main.o

.debug_macro    0x00000000     0x2d1e
 .debug_macro   0x00000000      0x1b4 ./system/src/newlib/_exit.o
 .debug_macro   0x000001b4       0x9c ./system/src/newlib/_exit.o
 .debug_macro   0x00000250      0x10e ./system/src/newlib/_exit.o
 .debug_macro   0x0000035e       0x8d ./system/src/newlib/_exit.o
 .debug_macro   0x000003eb       0x43 ./system/src/newlib/_exit.o
 .debug_macro   0x0000042e      0x330 ./system/src/newlib/_exit.o
 .debug_macro   0x0000075e       0x35 ./system/src/newlib/_exit.o
 .debug_macro   0x00000793      0x169 ./system/src/newlib/_sbrk.o
 .debug_macro   0x000008fc      0x174 ./system/src/newlib/_sbrk.o
 .debug_macro   0x00000a70       0x10 ./system/src/newlib/_sbrk.o
 .debug_macro   0x00000a80      0x23b ./system/src/newlib/_sbrk.o
 .debug_macro   0x00000cbb      0x173 ./system/src/newlib/_startup.o
 .debug_macro   0x00000e2e      0x217 ./system/src/newlib/_syscalls.o
 .debug_macro   0x00001045       0x1c ./system/src/newlib/_syscalls.o
 .debug_macro   0x00001061       0x10 ./system/src/newlib/_syscalls.o
 .debug_macro   0x00001071       0x10 ./system/src/newlib/_syscalls.o
 .debug_macro   0x00001081       0x10 ./system/src/newlib/_syscalls.o
 .debug_macro   0x00001091       0x35 ./system/src/newlib/_syscalls.o
 .debug_macro   0x000010c6      0x122 ./system/src/newlib/_syscalls.o
 .debug_macro   0x000011e8       0x88 ./system/src/newlib/_syscalls.o
 .debug_macro   0x00001270       0x2b ./system/src/newlib/_syscalls.o
 .debug_macro   0x0000129b      0x118 ./system/src/newlib/_syscalls.o
 .debug_macro   0x000013b3      0x189 ./system/src/newlib/_syscalls.o
 .debug_macro   0x0000153c       0x16 ./system/src/newlib/_syscalls.o
 .debug_macro   0x00001552      0x1fb ./system/src/diag/Trace.o
 .debug_macro   0x0000174d       0x16 ./system/src/diag/Trace.o
 .debug_macro   0x00001763       0x97 ./system/src/diag/Trace.o
 .debug_macro   0x000017fa       0xfd ./system/src/diag/Trace.o
 .debug_macro   0x000018f7       0x10 ./system/src/diag/Trace.o
 .debug_macro   0x00001907       0x16 ./system/src/diag/Trace.o
 .debug_macro   0x0000191d      0x16f ./system/src/diag/Trace.o
 .debug_macro   0x00001a8c       0x4c ./system/src/diag/Trace.o
 .debug_macro   0x00001ad8       0x16 ./system/src/diag/Trace.o
 .debug_macro   0x00001aee      0x2da ./system/src/diag/trace_impl.o
 .debug_macro   0x00001dc8       0x10 ./system/src/diag/trace_impl.o
 .debug_macro   0x00001dd8       0xcf ./system/src/diag/trace_impl.o
 .debug_macro   0x00001ea7       0xbe ./system/src/diag/trace_impl.o
 .debug_macro   0x00001f65       0x22 ./system/src/diag/trace_impl.o
 .debug_macro   0x00001f87      0x16b ./system/src/cortexm/_initialize_hardware.o
 .debug_macro   0x000020f2      0x324 ./system/src/cortexm/exception_handlers.o
 .debug_macro   0x00002416       0x3b ./system/src/cortexm/exception_handlers.o
 .debug_macro   0x00002451       0x10 ./system/src/cortexm/exception_handlers.o
 .debug_macro   0x00002461      0x16e ./system/src/cmsis/system_stm32f10x.o
 .debug_macro   0x000025cf       0x34 ./system/src/cmsis/vectors_stm32f10x.o
 .debug_macro   0x00002603       0x49 ./src/FPEC_program.o
 .debug_macro   0x0000264c       0x22 ./src/FPEC_program.o
 .debug_macro   0x0000266e       0x22 ./src/FPEC_program.o
 .debug_macro   0x00002690       0x16 ./src/FPEC_program.o
 .debug_macro   0x000026a6      0x12f ./src/FPEC_program.o
 .debug_macro   0x000027d5       0x48 ./src/GPIO_program.o
 .debug_macro   0x0000281d       0xd6 ./src/GPIO_program.o
 .debug_macro   0x000028f3       0x88 ./src/GPIO_program.o
 .debug_macro   0x0000297b       0x40 ./src/NVIC_program.o
 .debug_macro   0x000029bb       0x16 ./src/NVIC_program.o
 .debug_macro   0x000029d1       0x7a ./src/OTA_program.o
 .debug_macro   0x00002a4b       0x28 ./src/OTA_program.o
 .debug_macro   0x00002a73       0x3e ./src/RCC_program.o
 .debug_macro   0x00002ab1       0xe2 ./src/RCC_program.o
 .debug_macro   0x00002b93       0x2e ./src/RCC_program.o
 .debug_macro   0x00002bc1       0x3f ./src/STK_program.o
 .debug_macro   0x00002c00       0x3a ./src/STK_program.o
 .debug_macro   0x00002c3a       0x10 ./src/STK_program.o
 .debug_macro   0x00002c4a       0x49 ./src/USART_program.o
 .debug_macro   0x00002c93       0x70 ./src/USART_program.o
 .debug_macro   0x00002d03       0x1b ./src/main.o
